apiVersion: traefik.io/v1alpha1
kind: IngressRoute
metadata:
  labels:
    pdok.nl/app: mapserver
    dataset: dataset
    dataset-owner: datasetOwner
    pdok.nl/inspire: "false"
    service-type: wms
    service-version: v1_0
  name: minimal-wms-mapserver
  namespace: default
  ownerReferences:
    - apiVersion: pdok.nl/v3
      kind: WMS
      name: minimal
      uid: ""
      blockOwnerDeletion: true
      controller: true
  annotations:
    "pdok.nl/wms-service-metadata-uuid": "metameta-meta-meta-meta-metametameta"
    uptime.pdok.nl/id: 6b32f83fa679db692793ba30367d286b3de46f8a
    uptime.pdok.nl/name: MINIMAL WMS
    uptime.pdok.nl/tags: public-stats,wms
    uptime.pdok.nl/url: http://localhost:32788/datasetOwner/dataset/wms/v1_0?SERVICE=WMS&VERSION=1.3.0&REQUEST=GetMap&BBOX=190061.4619730016857,462435.5987861062749,202917.7508707302331,473761.6884966178914&CRS=EPSG:28992&WIDTH=100&HEIGHT=100&LAYERS=layer-name&STYLES=&FORMAT=image/png
spec:
  routes:
    - kind: Rule
      match: Host(`localhost`) && PathPrefix(`/datasetOwner/dataset/wms/v1_0/legend`)
      middlewares:
        - name: minimal-wms-mapserver-headers
      services:
        - kind: Service
          name: minimal-wms-mapserver
          port: 80
    - kind: Rule
      match: Host(`localhost`) && Path(`/datasetOwner/dataset/wms/v1_0`)
      middlewares:
        - name: minimal-wms-mapserver-headers
      services:
        - kind: Service
          name: minimal-wms-mapserver
          port: 9111
