{
    "authority_url": "http://www.brt.nl",
    "automatic_casing": true,
    "data_epsg": "EPSG:28992",
    "dataset_owner": "brt",
    "epsg_list": [
        "EPSG:28992",
        "EPSG:25831",
        "EPSG:25832",
        "EPSG:3034",
        "EPSG:3035",
        "EPSG:3857",
        "EPSG:4258",
        "EPSG:4326",
        "CRS:84"
    ],
    "group_layers": [],
    "layers": [
        {
            "abstract": "Alle recente BRT terugmeldingen gedaan door BRT gebruikers.",
            "columns": [
                {
                    "name": "fuuid"
                },
                {
                    "name": "meldingsnummer_volledig"
                },
                {
                    "name": "tijdstip_registratie"
                },
                {
                    "name": "status"
                },
                {
                    "name": "omschrijving"
                },
                {
                    "name": "bronhoudercode"
                },
                {
                    "name": "bronhoudernaam"
                },
                {
                    "name": "tijdstip_statuswijziging"
                },
                {
                    "name": "toelichting"
                },
                {
                    "name": "objectid"
                },
                {
                    "name": "objecttype"
                },
                {
                    "name": "hoogte_vanaf_maaiveld"
                }
            ],
            "dataset_metadata_id": "7a84c4de-4ec0-4202-a8d0-792fb7d39d1f",
            "dataset_source_id": "07c7d650-cdb1-11dd-ad8b-0800200c9a60",
            "geometry_type": "Point",
            "keywords": "brtterugmeldingen",
            "layer_extent": "-7000 289000 300000 629000",
            "name": "brtterugmeldingen",
            "postgis": true,
            "styles": [
                {
                    "path": "/styling/terugmeldingen.style",
                    "title": "Terugmeldingen"
                }
            ],
            "tablename": "brtterugmeldingen.brtterugmeldingen_v1",
            "title": "BRT Terugmeldingen"
        }
    ],
    "maxSize": "4000",
    "outputformat_jpg": "jpg",
    "outputformat_png8": "png",
    "service_abstract": "De BRT terugmeldingenservice bevat alle recente meldingen op BRT objecten waar twijfel over de juistheid bestaat. Zowel terugmeldingen op de TOP10 als meldingen die gemaakt zijn op de gegeneraliseerde kaartproducten (TOP25, TOP50, TOP100, TOP250) worden hierin geregistreerd. Daarnaast kan je de inhoud en status van de meldingen inzien. Ook een vermoedelijke fout geconstateerd? Doe een melding op https://verbeterdekaart.kadaster.nl",
    "service_accessconstraints": "https://creativecommons.org/publicdomain/zero/1.0/deed.nl",
    "service_extent": "-7000 289000 300000 629000",
    "service_keywords": "Basisregistratie Topografie,BRT,terugmeldingen,TOP10NL,TOP25,TOP50,TOP100,TOP250,in onderzoek register,verbeter de kaart,verbeterdekaart",
    "service_metadata_id": "fa069f74-9837-4d63-b2ac-b337b5de86b1",
    "service_namespace_prefix": "terugmeldingen",
    "service_namespace_uri": "http://terugmeldingen.geonovum.nl",
    "service_onlineresource": "https://service.pdok.nl",
    "service_path": "/brt/terugmeldingen/wms/v1_0",
    "service_title": "BRT Terugmeldingen WMS",
    "symbols": [
        "/styling/terugmeldingen.symbol"
    ],
    "templates": "/srv/data/config/templates"
}