{
    "authority_url": "https://www.kadaster.nl",
    "automatic_casing": true,
    "data_epsg": "EPSG:28992",
    "dataset_owner": "kadaster",
    "defresolution": "91",
    "epsg_list": [
        "EPSG:28992",
        "EPSG:25831",
        "EPSG:25832",
        "EPSG:3034",
        "EPSG:3035",
        "EPSG:3857",
        "EPSG:4258",
        "EPSG:4326",
        "CRS:84"
    ],
    "fonts": "/srv/data/config/fonts",
    "group_layers": [
        {
            "abstract": "De laag Bebouwing is een selectie op panden van de BGT.",
            "name": "Bebouwing",
            "style_name": "standaard:bebouwing",
            "style_title": "Standaardvisualisatie Bebouwing",
            "title": "Bebouwing"
        },
        {
            "abstract": "Een perceel is een stuk grond waarvan het Kadaster de grenzen heeft gemeten of gaat meten en dat bij het Kadaster een eigen nummer heeft. Een perceel is een begrensd deel van het Nederlands grondgebied dat kadastraal ge√Ødentificeerd is en met kadastrale grenzen begrensd is.",
            "name": "Perceel",
            "style_name": "standaard:perceel",
            "style_title": "Standaardvisualisatie Perceel",
            "title": "Perceel"
        }
    ],
    "layers": [
        {
            "abstract": "De laag Bebouwing is een selectie op panden van de BGT.",
            "columns": [
                {
                    "name": "fuuid"
                },
                {
                    "name": "object_begin_tijd"
                },
                {
                    "alias": "LV-publicatiedatum",
                    "name": "lv_publicatiedatum"
                },
                {
                    "name": "relatieve_hoogteligging"
                },
                {
                    "name": "in_onderzoek"
                },
                {
                    "name": "tijdstip_registratie"
                },
                {
                    "name": "identificatie_namespace"
                },
                {
                    "alias": "identificatieLokaalID",
                    "name": "identificatie_lokaal_id"
                },
                {
                    "name": "bronhouder"
                },
                {
                    "alias": "bgt-status",
                    "name": "bgt_status"
                },
                {
                    "alias": "plus-status",
                    "name": "plus_status"
                },
                {
                    "alias": "identificatieBAGPND",
                    "name": "identificatie_bag_pnd"
                }
            ],
            "dataset_metadata_id": "a29917b9-3426-4041-a11b-69bcb2256904",
            "dataset_source_id": "06b6c650-cdb1-11dd-ad8b-0800200c9a64",
            "geometry_type": "Polygon",
            "gpkg_path": "/srv/data/gpkg/pand.gpkg",
            "group_name": "Bebouwing",
            "keywords": "Bebouwing",
            "layer_extent": "-25000 250000 280000 860000",
            "maxscale": "6001",
            "minscale": "50",
            "name": "Bebouwingvlak",
            "styles": [
                {
                    "path": "/styling/bebouwing.style",
                    "title": "Standaardvisualisatie"
                },
                {
                    "path": "/styling/bebouwing_kwaliteit.style",
                    "title": "Kwaliteitsvisualisatie"
                },
                {
                    "path": "/styling/bebouwing_print.style",
                    "title": "Printvisualisatie"
                },
                {
                    "path": "/styling/bebouwing.group.style",
                    "title": "Standaardvisualisatie Bebouwing"
                },
                {
                    "path": "/styling/bebouwing_kwaliteit.group.style",
                    "title": "Kwaliteitsvisualisatie Bebouwing"
                },
                {
                    "path": "/styling/bebouwing_print.group.style",
                    "title": "Printvisualisatie Bebouwing"
                }
            ],
            "tablename": "pand",
            "title": "Bebouwingvlak"
        },
        {
            "abstract": "De laag Bebouwing is een selectie op panden van de BGT.",
            "columns": [
                {
                    "name": "fuuid"
                },
                {
                    "alias": "bebouwingID",
                    "name": "bebouwing_id"
                },
                {
                    "name": "hoek"
                },
                {
                    "name": "tekst"
                },
                {
                    "alias": "identificatie_BAGVBOLaagsteHuisnummer",
                    "name": "bag_vbo_laagste_huisnummer"
                },
                {
                    "alias": "identificatie_BAGVBOHoogsteHuisnummer",
                    "name": "bag_vbo_hoogste_huisnummer"
                },
                {
                    "name": "hoek"
                }
            ],
            "dataset_metadata_id": "a29917b9-3426-4041-a11b-69bcb2256904",
            "dataset_source_id": "06b6c650-cdb1-11dd-ad8b-0800200c9a64",
            "geometry_type": "Point",
            "gpkg_path": "/srv/data/gpkg/pand_nummeraanduiding.gpkg",
            "group_name": "Bebouwing",
            "keywords": "Nummeraanduidingreeks",
            "layer_extent": "-25000 250000 280000 860000",
            "maxscale": "2001",
            "minscale": "50",
            "name": "Nummeraanduidingreeks",
            "styles": [
                {
                    "path": "/styling/nummeraanduidingreeks.style",
                    "title": "Standaardvisualisatie"
                },
                {
                    "path": "/styling/nummeraanduidingreeks_kwaliteit.style",
                    "title": "Kwaliteitsvisualisatie"
                },
                {
                    "path": "/styling/nummeraanduidingreeks_print.style",
                    "title": "Printvisualisatie"
                },
                {
                    "path": "/styling/nummeraanduidingreeks.group.style",
                    "title": "Standaardvisualisatie Bebouwing"
                },
                {
                    "path": "/styling/nummeraanduidingreeks_kwaliteit.group.style",
                    "title": "Kwaliteitsvisualisatie Bebouwing"
                },
                {
                    "path": "/styling/nummeraanduidingreeks_print.group.style",
                    "title": "Printvisualisatie Bebouwing"
                }
            ],
            "tablename": "pand_nummeraanduiding",
            "title": "Nummeraanduidingreeks"
        },
        {
            "abstract": "De laag Openbareruimtenaam is een selectie op de openbare ruimte labels van de BGT met een bgt-status \"bestaand\" die een classificatie (openbareruimtetype) Weg en Water hebben.",
            "columns": [
                {
                    "name": "fuuid"
                },
                {
                    "name": "object_begin_tijd"
                },
                {
                    "alias": "LV-publicatiedatum",
                    "name": "lv_publicatiedatum"
                },
                {
                    "name": "relatieve_hoogteligging"
                },
                {
                    "name": "in_onderzoek"
                },
                {
                    "name": "tijdstip_registratie"
                },
                {
                    "name": "identificatie_namespace"
                },
                {
                    "alias": "identificatieLokaalID",
                    "name": "identificatie_lokaal_id"
                },
                {
                    "name": "bronhouder"
                },
                {
                    "alias": "bgt-status",
                    "name": "bgt_status"
                },
                {
                    "alias": "plus-status",
                    "name": "plus_status"
                },
                {
                    "alias": "identificatieBAGOPR",
                    "name": "identificatie_bag_opr"
                },
                {
                    "name": "tekst"
                },
                {
                    "name": "hoek"
                },
                {
                    "name": "openbare_ruimte_type"
                }
            ],
            "dataset_metadata_id": "a29917b9-3426-4041-a11b-69bcb2256904",
            "dataset_source_id": "06b6c650-cdb1-11dd-ad8b-0800200c9a64",
            "geometry_type": "Point",
            "gpkg_path": "/srv/data/gpkg/openbareruimtelabel.gpkg",
            "keywords": "Openbare ruimte naam",
            "layer_extent": "-25000 250000 280000 860000",
            "maxscale": "2001",
            "minscale": "50",
            "name": "OpenbareRuimteNaam",
            "styles": [
                {
                    "path": "/styling/openbareruimtenaam.style",
                    "title": "Standaardvisualisatie"
                },
                {
                    "path": "/styling/openbareruimtenaam_kwaliteit.style",
                    "title": "Kwaliteitsvisualisatie"
                },
                {
                    "path": "/styling/openbareruimtenaam_print.style",
                    "title": "Printvisualisatie"
                },
                {
                    "path": "/styling/openbareruimtenaam.group.style",
                    "title": "Standaardvisualisatie OpenbareRuimteNaam"
                },
                {
                    "path": "/styling/openbareruimtenaam_kwaliteit.group.style",
                    "title": "Kwaliteitsvisualisatie OpenbareRuimteNaam"
                },
                {
                    "path": "/styling/openbareruimtenaam_print.group.style",
                    "title": "Printvisualisatie OpenbareRuimteNaam"
                }
            ],
            "tablename": "openbareruimtelabel",
            "title": "OpenbareRuimteNaam"
        },
        {
            "abstract": "Een perceel is een stuk grond waarvan het Kadaster de grenzen heeft gemeten of gaat meten en dat bij het Kadaster een eigen nummer heeft. Een perceel is een begrensd deel van het Nederlands grondgebied dat kadastraal ge√Ødentificeerd is en met kadastrale grenzen begrensd is.",
            "columns": [
                {
                    "name": "fuuid"
                },
                {
                    "name": "identificatie_namespace"
                },
                {
                    "alias": "identificatieLokaalID",
                    "name": "identificatie_lokaal_id"
                },
                {
                    "name": "begin_geldigheid"
                },
                {
                    "name": "tijdstip_registratie"
                },
                {
                    "name": "volgnummer"
                },
                {
                    "name": "status_historie_code"
                },
                {
                    "name": "status_historie_waarde"
                },
                {
                    "name": "kadastrale_gemeente_code"
                },
                {
                    "name": "kadastrale_gemeente_waarde"
                },
                {
                    "name": "sectie"
                },
                {
                    "alias": "AKRKadastraleGemeenteCodeCode",
                    "name": "akr_kadastrale_gemeente_code_code"
                },
                {
                    "alias": "AKRKadastraleGemeenteCodeWaarde",
                    "name": "akr_kadastrale_gemeente_code_waarde"
                },
                {
                    "name": "kadastrale_grootte_waarde"
                },
                {
                    "name": "soort_grootte_code"
                },
                {
                    "name": "soort_grootte_waarde"
                },
                {
                    "name": "perceelnummer"
                },
                {
                    "name": "perceelnummer_rotatie"
                },
                {
                    "name": "perceelnummer_verschuiving_delta_x"
                },
                {
                    "name": "perceelnummer_verschuiving_delta_y"
                },
                {
                    "name": "perceelnummer_plaatscoordinaat_x"
                },
                {
                    "name": "perceelnummer_plaatscoordinaat_y"
                }
            ],
            "dataset_metadata_id": "a29917b9-3426-4041-a11b-69bcb2256904",
            "dataset_source_id": "06b6c650-cdb1-11dd-ad8b-0800200c9a64",
            "geometry_type": "Polygon",
            "gpkg_path": "/srv/data/gpkg/perceel.gpkg",
            "group_name": "Perceel",
            "keywords": "Kadastrale percelen",
            "layer_extent": "-25000 250000 280000 860000",
            "maxscale": "6001",
            "minscale": "50",
            "name": "Perceelvlak",
            "styles": [
                {
                    "path": "/styling/perceelvlak.style",
                    "title": "Standaardvisualisatie"
                },
                {
                    "path": "/styling/perceelvlak_kwaliteit.style",
                    "title": "Kwaliteitsvisualisatie"
                },
                {
                    "path": "/styling/perceelvlak_print.style",
                    "title": "Printvisualisatie"
                },
                {
                    "path": "/styling/perceelvlak.group.style",
                    "title": "Standaardvisualisatie Perceel"
                },
                {
                    "path": "/styling/perceelvlak_kwaliteit.group.style",
                    "title": "Kwaliteitsvisualisatie Perceel"
                },
                {
                    "path": "/styling/perceelvlak_print.group.style",
                    "title": "Printvisualisatie Perceel"
                }
            ],
            "tablename": "perceel",
            "title": "Perceelvlak"
        },
        {
            "abstract": "Een perceel is een stuk grond waarvan het Kadaster de grenzen heeft gemeten of gaat meten en dat bij het Kadaster een eigen nummer heeft. Een perceel is een begrensd deel van het Nederlands grondgebied dat kadastraal ge√Ødentificeerd is en met kadastrale grenzen begrensd is.",
            "columns": [
                {
                    "name": "fuuid"
                },
                {
                    "alias": "perceelID",
                    "name": "perceel_id"
                },
                {
                    "name": "perceelnummer"
                },
                {
                    "name": "rotatie"
                },
                {
                    "name": "verschuiving_delta_x"
                },
                {
                    "name": "verschuiving_delta_y"
                }
            ],
            "dataset_metadata_id": "a29917b9-3426-4041-a11b-69bcb2256904",
            "dataset_source_id": "06b6c650-cdb1-11dd-ad8b-0800200c9a64",
            "geometry_type": "Point",
            "gpkg_path": "/srv/data/gpkg/perceel_label.gpkg",
            "group_name": "Perceel",
            "keywords": "Kadastrale percelen",
            "layer_extent": "-25000 250000 280000 860000",
            "maxscale": "6001",
            "minscale": "50",
            "name": "Label",
            "styles": [
                {
                    "path": "/styling/label.style",
                    "title": "Standaardvisualisatie"
                },
                {
                    "path": "/styling/label.group.style",
                    "title": "Standaardvisualisatie Perceel"
                },
                {
                    "path": "/styling/label_kwaliteit.style",
                    "title": "Kwaliteitsvisualisatie"
                },
                {
                    "path": "/styling/label_kwaliteit.group.style",
                    "title": "Kwaliteitsvisualisatie Perceel"
                },
                {
                    "path": "/styling/label_print.style",
                    "title": "Printvisualisatie"
                },
                {
                    "path": "/styling/label_print.group.style",
                    "title": "Printvisualisatie Perceel"
                }
            ],
            "tablename": "perceel_label",
            "title": "Label"
        },
        {
            "abstract": "Een perceel is een stuk grond waarvan het Kadaster de grenzen heeft gemeten of gaat meten en dat bij het Kadaster een eigen nummer heeft. Een perceel is een begrensd deel van het Nederlands grondgebied dat kadastraal ge√Ødentificeerd is en met kadastrale grenzen begrensd is.",
            "columns": [
                {
                    "name": "fuuid"
                },
                {
                    "alias": "perceelID",
                    "name": "perceel_id"
                }
            ],
            "dataset_metadata_id": "a29917b9-3426-4041-a11b-69bcb2256904",
            "dataset_source_id": "06b6c650-cdb1-11dd-ad8b-0800200c9a64",
            "geometry_type": "LineString",
            "gpkg_path": "/srv/data/gpkg/perceel_bijpijling.gpkg",
            "group_name": "Perceel",
            "keywords": "Kadastrale percelen",
            "layer_extent": "-25000 250000 280000 860000",
            "maxscale": "6001",
            "minscale": "50",
            "name": "Bijpijling",
            "styles": [
                {
                    "path": "/styling/bijpijling.style",
                    "title": "Standaardvisualisatie"
                },
                {
                    "path": "/styling/bijpijling_kwaliteit.style",
                    "title": "Kwaliteitsvisualisatie"
                },
                {
                    "path": "/styling/bijpijling_print.style",
                    "title": "Printvisualisatie"
                },
                {
                    "path": "/styling/bijpijling.group.style",
                    "title": "Standaardvisualisatie Perceel"
                },
                {
                    "path": "/styling/bijpijling_kwaliteit.group.style",
                    "title": "Kwaliteitsvisualisatie Perceel"
                },
                {
                    "path": "/styling/bijpijling_print.group.style",
                    "title": "Printvisualisatie Perceel"
                }
            ],
            "tablename": "perceel_bijpijling",
            "title": "Bijpijling"
        },
        {
            "abstract": "Een Kadastrale Grens is de weergave van een grens op de kadastrale kaart die door de dienst van het Kadaster tussen percelen (voorlopig) vastgesteld wordt, op basis van inlichtingen van belanghebbenden en met  gebruikmaking van de aan de kadastrale kaart ten grondslag liggende bescheiden die in elk geval de landmeetkundige gegevens bevatten van hetgeen op die kaart wordt weergegeven.",
            "columns": [
                {
                    "name": "fuuid"
                },
                {
                    "name": "begin_geldigheid"
                },
                {
                    "name": "tijdstip_registratie"
                },
                {
                    "name": "volgnummer"
                },
                {
                    "name": "status_historie_code"
                },
                {
                    "name": "status_historie_waarde"
                },
                {
                    "name": "identificatie_namespace"
                },
                {
                    "alias": "identificatieLokaalID",
                    "name": "identificatie_lokaal_id"
                },
                {
                    "name": "type_grens_code"
                },
                {
                    "name": "type_grens_waarde"
                },
                {
                    "alias": "ClassificatieKwaliteitCode",
                    "name": "classificatie_kwaliteit_code"
                },
                {
                    "alias": "ClassificatieKwaliteitWaarde",
                    "name": "classificatie_kwaliteit_waarde"
                },
                {
                    "name": "perceel_links_identificatie_namespace"
                },
                {
                    "alias": "perceelLinksIdentificatieLokaalID",
                    "name": "perceel_links_identificatie_lokaal_id"
                },
                {
                    "name": "perceel_rechts_identificatie_namespace"
                },
                {
                    "alias": "perceelRechtsIdentificatieLokaalID",
                    "name": "perceel_rechts_identificatie_lokaal_id"
                }
            ],
            "dataset_metadata_id": "a29917b9-3426-4041-a11b-69bcb2256904",
            "dataset_source_id": "06b6c650-cdb1-11dd-ad8b-0800200c9a64",
            "geometry_type": "LineString",
            "gpkg_path": "/srv/data/gpkg/kadastrale_grens.gpkg",
            "keywords": "Grens,Kadastrale grenzen",
            "layer_extent": "-25000 250000 280000 860000",
            "maxscale": "6001",
            "minscale": "50",
            "name": "KadastraleGrens",
            "styles": [
                {
                    "path": "/styling/kadastralegrens.style",
                    "title": "Standaardvisualisatie"
                },
                {
                    "path": "/styling/kadastralegrens_kwaliteit.style",
                    "title": "Kwaliteitsvisualisatie"
                },
                {
                    "path": "/styling/kadastralegrens_print.style",
                    "title": "Printvisualisatie"
                },
                {
                    "path": "/styling/kadastralegrens.group.style",
                    "title": "Standaardvisualisatie KadastraleGrens"
                },
                {
                    "path": "/styling/kadastralegrens_kwaliteit.group.style",
                    "title": "Kwaliteitsvisualisatie KadastraleGrens"
                },
                {
                    "path": "/styling/kadastralegrens_print.group.style",
                    "title": "Printvisualisatie KadastraleGrens"
                }
            ],
            "tablename": "kadastrale_grens",
            "title": "KadastraleGrens"
        }
    ],
    "maxSize": "10000",
    "outputformat_jpg": "jpg",
    "outputformat_png8": "png",
    "resolution": "91",
    "service_abstract": "Overzicht van de ligging van de kadastrale percelen in Nederland. Fungeert als schakel tussen terrein en registratie, vervult voor externe gebruiker vaak een referentiefunctie, een ondergrond ten opzichte waarvan de gebruiker eigen informatie kan vastleggen en presenteren.",
    "service_accessconstraints": "https://creativecommons.org/publicdomain/zero/1.0/deed.nl",
    "service_extent": "-25000 250000 280000 860000",
    "service_keywords": "Kadaster,Kadastrale percelen,Kadastrale grens,Kadastrale kaart,Bebouwing,Nummeraanduidingreeks,Openbare ruimte naam,Perceel,Grens,Kwaliteit,Kwaliteitslabels,HVD,Geospatiale data",
    "service_metadata_id": "",
    "service_namespace_prefix": "kadastralekaart",
    "service_namespace_uri": "http://kadastralekaart.geonovum.nl",
    "service_onlineresource": "https://service.pdok.nl",
    "service_path": "/kadaster/kadastralekaart/wms/v5_0",
    "service_title": "Kadastrale Kaart (WMS)",
    "symbols": [],
    "templates": "/srv/data/config/templates",
    "top_level_name": "Kadastralekaart"
}